2024-11-30_15:30:30 开始连接设备...
2024-11-30_15:30:31 001493: *Nov 30 15:30:31.340: FJFZ-MB-CMNET-SR04-PTCCXH-N8010R(ceshi) %PARAM-6-CONFIG_SYNC: Sync'ing the running configuration to the standby supervisor.
001494: *Nov 30 15:30:31.341: FJFZ-MB-CMNET-SR04-PTCCXH-N8010R(ceshi) %PARAM-6-CONFIG_SYNC: The running configuration has been successfully synchronized to the standby supervisor.
FJFZ-MB-CMNET-SR04-PTCCXH-N8010R(ceshi)#001496: *Nov 30 15:30:31.390: FJFZ-MB-CMNET-SR04-PTCCXH-N8010R(ceshi) %CLI-5-EXEC_CMD: Executed from console command: terminal no monitor
2024-11-30_15:30:31 en
FJFZ-MB-CMNET-SR04-PTCCXH-N8010R(ceshi)#
2024-11-30_15:30:31 001498: *Nov 30 15:30:31.490: FJFZ-MB-CMNET-SR04-PTCCXH-N8010R(ceshi) %C
2024-11-30_15:30:31 LI-5-EXEC_CMD: Executed from console command: enable
config001500: *Nov 30 15:30:31.685: FJFZ-MB-CMNET-SR04-PTCCXH-N8010R(ceshi) %CLI-5-EXEC_CMD: Executed from console command: configure
Enter configuration commands, one per line.  End with CNTL/Z.
FJFZ-MB-CMNET-SR04-PTCCXH-N8010R(ceshi)(config)#
2024-11-30_15:30:31 en
FJFZ-MB-CMNET-SR04-PTCCXH-N8010R(ceshi)#
2024-11-30_15:30:32 001502: *Nov 30 15:30:31.825: FJFZ-MB-CMNET-SR04-PTCCXH-N8010R(ceshi) %CLI-5-EXEC_CMD: Configured from console command: end
config001503: *Nov 30 15:30:31.874: FJFZ-MB-CMNET-SR04-PTCCXH-N8010R(ceshi) %SYS-5-CONFIG_I: Configured from c
2024-11-30_15:30:32 onsole by console
001504: *Nov 30 15:30:31.874: FJFZ-MB-CMNET-SR04-PTCCXH-N8010R(ceshi) %PARAM-6-CONFIG_SYNC: Sync'ing the running configuration to the standby supervisor.
001505: *Nov 30 15:30:31.875: FJFZ-MB-CMNET-SR04-PTCCXH-N8010R(ceshi) %PARAM-6-CONFIG_SYNC: The running configuration has been successfully synchronized to the standby supervisor.
001507: *Nov 30 15:30:31.907: FJFZ-MB-CMNET-SR04-PTCCXH-N8010R(ceshi) %PARAM-6-CONFIG_SYNC: (*1/M2) Sync'ing the running configuration from the active supervisor.
Enter configuration commands, one per line.  End with CNTL/Z.
FJFZ-MB-CMNET-SR04-PTCCXH-N8010R(ceshi)(config)#
2024-11-30_15:30:32 001508: *Nov 30 15:30:31.924: FJFZ-MB-CMNET-SR04-PTCCXH-N8010R(ceshi) %CLI-5-EXEC_CMD: Executed from console command: configure
en
2024-11-30_15:30:32 
FJFZ-MB-CMNET-SR04-PTCCXH-N8010R(ceshi)#
2024-11-30_15:30:32 001510: *Nov 30 15:30:32.056: FJFZ-MB-CMNET-SR04-PTCCXH-N8010R(ceshi) %CLI-5-EXEC_CMD: Configured from console command: end
001511: *Nov 30 15:30:32.100: FJFZ-MB-CMNET-SR04-PTCCXH-N8010R(c
2024-11-30_15:30:32 eshi) %PARAM-6-CONFIG_SYNC: (*1/M2) Sync'ing the running configuration from the active supervisor.
config001512: *Nov 30 15:30:32.105: FJFZ-MB-CMNET-SR04-PTCCXH-N8010R(ceshi) %SYS-5-CONFIG_I: Configured from console by console
001513: *Nov 30 15:30:32.105: FJFZ-MB-CMNET-SR04-PTCCXH-N8010R(ceshi) %PARAM-6-CONFIG_SYNC: Sync'ing the running configuration to the standby supervisor.
001514: *Nov 30 15:30:32.106: FJFZ-MB-CMNET-SR04-PTCCXH-N8010R(ceshi) %PARAM-6-CONFIG_SYNC: The running configuration has been successfully synchronized to the standby supervisor.
Enter configuration commands, one per line.  End with CNTL/Z.
FJFZ-MB-CMNET-SR04-PTCCXH-N8010R(ceshi)(config)#
2024-11-30_15:30:33 设备登出
2024-11-30_15:30:33 拷机停止...
