2024-11-30_15:28:34 开始连接设备...
2024-11-30_15:28:36 en
2024-11-30_15:28:36 
FJFZ-MB-CMNET-SR04-PTCCXH-N8010R(ceshi)#
2024-11-30_15:28:36 001446: *Nov 30 15:28:36.067: FJFZ-MB-CMNET-SR04-PTCCXH-N8010R(ceshi) %CLI-5-EXEC_CMD: Executed from console command: enable
2024-11-30_15:28:36 config001448: *Nov 30 15:28:36.176: FJFZ-MB-CMNET-SR04-PTCCXH-N8010R(ceshi) %CLI-5-EXEC_CMD: Executed from console command: configure
Enter configuration commands, one per line.  End with CNTL/Z.
FJFZ-MB-CMNET-SR04-PTCCXH-N8010R(ceshi)(config)#
2024-11-30_15:28:36 en
2024-11-30_15:28:37 
001450: *Nov 30 15:28:37.155: FJFZ-MB-CMNET-SR04-PTCCXH-N8010R(ceshi) %CLI-5-EXEC_CMD: Configured from console command: end
FJFZ-MB-CMNET-SR04-PTCCXH-N8010R(ceshi)#
2024-11-30_15:28:37 001451: *Nov 30 15:28:37.202: FJFZ-MB-CMNET-SR04-PTCCXH-N8010R(ceshi) %PARAM-6-CONFIG_SYNC: (*1/M2) Sync'ing the running configuration from the active supervisor.
001452: *Nov 30 15:28:37.205: FJFZ-MB-CMNET-
2024-11-30_15:28:37 SR04-PTCCXH-N8010R(ceshi) %SYS-5-CONFIG_I: Configured from console by console
c001453: *Nov 30 15:28:37.205: FJFZ-MB-CMNET-SR04-PTCCXH-N8010R(ceshi) %PARAM-6-CONFIG_SYNC: Sync'ing the running configuration to the standby supervisor.
onfig001454: *Nov 30 15:28:37.205: FJFZ-MB-CMNET-SR04-PTCCXH-N8010R(ceshi) %PARAM-6-CONFIG_SYNC: The running configuration has been successfully synchronized to the standby supervisor.
001456: *Nov 30 15:28:37.255: FJFZ-MB-CMNET-SR04-PTCCXH-N8010R(ceshi) %CLI-5-EXEC_CMD: Executed from console command: configure
Enter configuration commands, one per line.  End with CNTL/Z.
FJFZ-MB-CMNET-SR04-PTCCXH-N8010R(ceshi)(config)#
2024-11-30_15:28:37 en
2024-11-30_15:28:37 
001458: *Nov 30 15:28:37.384: FJFZ-MB-CMNET-SR04-PTCCXH-N8010R(ceshi) %CLI-5-EXEC_CMD: Configured from console command: end
FJFZ-MB-CMNET-SR04-PTCCXH-N8010R(ceshi)#
2024-11-30_15:28:37 001459: *Nov 30 15:28:37.426: FJFZ-MB-CMNET-SR04-PTCCXH-N8010R(ceshi) %PARAM-6-CONFIG_SYNC: (*1/M2) Sync'ing the running configuration from the active supervisor.
001460: *Nov 30 15:28:37.434: FJFZ-MB-CMNET-SR04-PTCCXH-N8010R(ceshi) %SYS-5-CONFIG_I: Configured from console by console
001461: *Nov 30 15:28:37.434: FJF
2024-11-30_15:28:37 Z-MB-CMNET-SR04-PTCCXH-N8010R(ceshi) %PARAM-6-CONFIG_SYNC: Sync'ing the running configuration to the standby supervisor.
001462: *Nov 30 15:28:37.435: FJFZ-MB-CMNET-SR04-PTCCXH-N8010R(ceshi) %PARAM-6-CONFIG_SYNC: The running configuration has been successfully synchronized to the standby supervisor.
config001464: *Nov 30 15:28:37.484: FJFZ-MB-CMNET-SR04-PTCCXH-N8010R(ceshi) %CLI-5-EXEC_CMD: Executed from console command: configure
Enter configuration commands, one per line.  End with CNTL/Z.
FJFZ-MB-CMNET-SR04-PTCCXH-N8010R(ceshi)(config)#
2024-11-30_15:28:38 第1轮拷机结束，结果:【Pass】
2024-11-30_15:28:38 en
2024-11-30_15:28:39 
FJFZ-MB-CMNET-SR04-PTCCXH-N8010R(ceshi)#
2024-11-30_15:28:39 001466: *Nov 30 15:28:39.055: FJFZ-MB-CMNET-SR04-PTCCXH-N8010R(ceshi) %CLI-5-EXEC_CMD: Configured from console command: end
001467: *Nov 30 15:28:39.100: FJFZ-MB-CMNET-SR04-PTCCXH-N8010R(ceshi) %PARAM-6-CONFIG_SYNC: (*1/M2) Sync'ing the running configuration from the active supervisor.
001468: *Nov 30 15:28:39.104: FJFZ-MB-CMNET-SR04-PTCCXH-N8010R(ceshi) %SYS-5-CONFIG_I: Configured from conso
2024-11-30_15:28:39 le by console
001469: *Nov 30 15:28:39.105: FJFZ-MB-CMNET-SR04-PTCCXH-N8010R(ceshi) %PARAM-6-CONFIG_SYNC: Sync'ing the running configuration to the standby supervisor.
001470: *Nov 30 15:28:39.105: FJFZ-MB-CMNET-SR04-PTCCXH-N8010R(ceshi) %PARAM-6-CONFIG_SYNC: The running configuration has been successfully synchronized to the standby supervisor.
config001472: *Nov 30 15:28:39.156: FJFZ-MB-CMNET-SR04-PTCCXH-N8010R(ceshi) %CLI-5-EXEC_CMD: Executed from console command: configure
Enter configuration commands, one per line.  End with CNTL/Z.
FJFZ-MB-CMNET-SR04-PTCCXH-N8010R(ceshi)(config)#
2024-11-30_15:28:39 en
2024-11-30_15:28:39 
001474: *Nov 30 15:28:39.284: FJFZ-MB-CMNET-SR04-PTCCXH-N8010R(ceshi) %CLI-5-EXEC_CMD: Configured from console command: end
FJFZ-MB-CMNET-SR04-PTCCXH-N8010R(ceshi)#
2024-11-30_15:28:39 001475: *Nov 30 15:28:39.323: FJFZ-MB-CMNET-SR04-PTCCXH-N8010R(ceshi) %PARAM-6-CONFIG_SYNC: (*1/M2) Sync'ing the running configuration from the active supervisor.
001476: *Nov 30 15:28:39.333: FJFZ-MB-CMNET-SR04-PTCCXH-N8010R(ceshi) %SYS-5-CONFIG_I: Configured from console by console
001477: *Nov 30 15:28:39.334: FJFZ-MB-CMNET-SR04-PTCCXH-N8010R(ceshi) %PARAM-6-CONFIG_SYNC: Sync'ing the running configuration to the standby supervisor.
001478: *Nov 30 15:28:39.334: FJFZ-MB-CMNET-SR04-PTCCXH-N8010R(ceshi) %PARAM-6-CONFIG_SYNC: The running configuration has been successfully synchronized to th
2024-11-30_15:28:39 e standby supervisor.
config
Enter configuration commands, one per line.  End with CNTL/Z.
FJFZ-MB-CMNET-SR04-PTCCXH-N8010R(ceshi)(config)#
2024-11-30_15:28:39 001480: *Nov 30 15:28:39.434: FJFZ-MB-CMNET-SR04-PTCCXH-N8010R(ceshi) %CLI-5-EXEC_CMD: Executed from console command: configure
en
2024-11-30_15:28:39 
FJFZ-MB-CMNET-SR04-PTCCXH-N8010R(ceshi)#
2024-11-30_15:28:39 001482: *Nov 30 15:28:39.534: FJFZ-MB-CMNET-SR04-PTCCXH-N8010R(ceshi) %CLI-5-EXEC_CMD: Configured from console command: end
001483: *Nov 30 15:28:39.534: FJFZ-MB-CMNET-SR04-PTCCXH-N8010R(ceshi) %SYS-5-CONFIG_I: Configured from console by console
config001484: *Nov 30 15:28:39.566: FJFZ-MB-CMNET-SR04
2024-11-30_15:28:39 设备登出
2024-11-30_15:28:39 拷机停止...
本次拷机执行轮次:1, PASS次数:1, PASS率:100.00%
结果已更新至D:\PycharmProjects\OCR\report.xls
