2024-11-30_15:34:40 开始连接设备...
2024-11-30_15:34:41 o monitor
en
2024-11-30_15:34:41 
001601: *Nov 30 15:34:41.613: FJFZ-MB-CMNET-SR04-PTCCXH-N8010R(ceshi) %CLI-5-EXEC_CMD: Executed from console command: enable
FJFZ-MB-CMNET-SR04-PTCCXH-N8010R(ceshi)#
2024-11-30_15:34:41 config
2024-11-30_15:34:42 001603: *Nov 30 15:34:42.314: FJFZ-MB-CMNET-SR04-PTCCXH-N8010R(ceshi) %CLI-5-EXEC_CMD: Executed from console command: configure
Enter configuration commands, one per line.  End with CNTL/Z.
FJFZ-MB-CMNET-SR04-PTCCXH-N8010R(ceshi)(config)#
2024-11-30_15:34:42 en
2024-11-30_15:34:42 
FJFZ-MB-CMNET-SR04-PTCCXH-N8010R(ceshi)#
2024-11-30_15:34:42 001605: *Nov 30 15:34:42.464: FJFZ-MB-CMNET-SR04-PTCCXH-N8010R(ceshi) %CLI-5-EXEC_CMD: Configured from console command: end
001606: *Nov 30 15:34:42.465: FJFZ-MB-CMNET-SR04-P
2024-11-30_15:34:42 TCCXH-N8010R(ceshi) %SYS-5-CONFIG_I: Configured from console by console
001607: *Nov 30 15:34:42.465: FJFZ-MB-CMNET-SR04-PTCCXH-N8010R(ceshi) %PARAM-6-CONFIG_SYNC: Sync'ing the running configuration to the standby supervisor.
001608: *Nov 30 15:34:42.465: FJFZ-MB-CMNET-SR04-PTCCXH-N8010R(ceshi) %PARAM-6-CONFIG_SYNC: The running configuration has been successfully synchronized to the standby supervisor.
config
Enter configuration commands, one per line.  End with CNTL/Z.
FJFZ-MB-CMNET-SR04-PTCCXH-N8010R(ceshi)(config)#
2024-11-30_15:34:42 001610: *Nov 30 15:34:42.564: FJFZ-MB-CMNET-SR04-PTCCXH-N8010R(ceshi) %CLI-5-EXEC_CMD: Executed from console command: configure
en
2024-11-30_15:34:42 
FJFZ-MB-CMNET-SR04-PTCCXH-N8010R(ceshi)#
2024-11-30_15:34:42 001612: *Nov 30 15:34:42.648: FJFZ-MB-CMNET-SR04-PTCCXH-N8010R(ceshi) %CLI-5-EXEC_CMD: Configured from console command: end
config001613: 
2024-11-30_15:34:42 *Nov 30 15:34:42.697: FJFZ-MB-CMNET-SR04-PTCCXH-N8010R(ceshi) %SYS-5-CONFIG_I: Configured from console by console
001614: *Nov 30 15:34:42.698: FJFZ-MB-CMNET-SR04-PTCCXH-N8010R(ceshi) %PARAM-6-CONFIG_SYNC: Sync'ing the running configuration to the standby supervisor.
001615: *Nov 30 15:34:42.698: FJFZ-MB-CMNET-SR04-PTCCXH-N8010R(ceshi) %PARAM-6-CONFIG_SYNC: The running configuration has been successfully synchronized to the standby supervisor.
Enter configuration commands, one per line.  End with CNTL/Z.
FJFZ-MB-CMNET-SR04-PTCCXH-N8010R(ceshi)(config)#
2024-11-30_15:34:52 第1轮拷机结束，结果:【Pass】
2024-11-30_15:34:53 001617: *Nov 30 15:34:42.747: FJFZ-MB-CMNET-SR04-PTCCXH-N8010R(ceshi) %CLI-5-EXEC_CMD: Executed from console command: configure
001618: *Nov 30 15:34:43.282: FJFZ-MB-CMNET-SR04-PTCCXH-N8010R(ceshi) %PARAM-6-CONFIG_SYNC: (*1/M2) Sync'ing the running configuration from the active supervisor.
001619: *Nov 30 15:34:43.282: FJFZ-MB-CMNET-SR04-PTCCXH-N8010R(ceshi) %PARAM-6-CONFIG_SYNC: (*1/M2) Sync'ing the running configuration from the active supervisor.
001620: *Nov 30 15:34:43.283: FJFZ-MB-CMNET-SR04-PTCCXH-N8010R(ceshi) %PARAM-6-CONFIG_SYNC: (*1/M2) Sync'ing the running configuration from the active supervisor.
en
2024-11-30_15:34:53 
001622: *Nov 30 15:34:53.731: FJFZ-MB-CMNET-SR04-PTCCXH-N8010R(ceshi) %CLI-5-EXEC_CMD: Configured from console command: end
FJFZ-MB-CMNET-SR04-PTCCXH-N8010R(ceshi)#
2024-11-30_15:34:53 001623: *Nov 30 15:34:53.771: FJFZ-MB-CMNET-SR04-PTCCXH-N8010R(ceshi) %PARAM-6-CONFIG_SYNC: (*1/M2) Sync'ing the running configuration from the active supervisor.
001624: *Nov 30 15:34:53.780: FJFZ-MB-CMNET-SR04-PTCCXH-N8010R(ceshi) %SYS-5-CONFIG_I: Configured from console by console
001625: *
2024-11-30_15:34:53 Nov 30 15:34:53.781: FJFZ-MB-CMNET-SR04-PTCCXH-N8010R(ceshi) %PARAM-6-CONFIG_SYNC: Sync'ing the running configuration to the standby supervisor.
config001626: *Nov 30 15:34:53.781: FJFZ-MB-CMNET-SR04-PTCCXH-N8010R(ceshi) %PARAM-6-CONFIG_SYNC: The running configuration has been successfully synchronized to the standby supervisor.
001628: *Nov 30 15:34:53.830: FJFZ-MB-CMNET-SR04-PTCCXH-N8010R(ceshi) %CLI-5-EXEC_CMD: Executed from console command: configure
Enter configuration commands, one per line.  End with CNTL/Z.
FJFZ-MB-CMNET-SR04-PTCCXH-N8010R(ceshi)(config)#
2024-11-30_15:34:54 en
2024-11-30_15:34:54 
FJFZ-MB-CMNET-SR04-PTCCXH-N8010R(ceshi)#
2024-11-30_15:34:54 001630: *Nov 30 15:34:53.950: FJFZ-MB-CMNET-SR04-PTCCXH-N8010R(ceshi) %CLI-5-EXEC_CMD: Configured from console command: end
config001631: *Nov 30 15:34:53.994: FJFZ-MB-CMNET-SR04-PTCCXH-N8010R(c
2024-11-30_15:34:54 eshi) %PARAM-6-CONFIG_SYNC: (*1/M2) Sync'ing the running configuration from the active supervisor.
001632: *Nov 30 15:34:53.999: FJFZ-MB-CMNET-SR04-PTCCXH-N8010R(ceshi) %SYS-5-CONFIG_I: Configured from console by console
001633: *Nov 30 15:34:53.000: FJFZ-MB-CMNET-SR04-PTCCXH-N8010R(ceshi) %PARAM-6-CONFIG_SYNC: Sync'ing the running configuration to the standby supervisor.
001634: *Nov 30 15:34:54.000: FJFZ-MB-CMNET-SR04-PTCCXH-N8010R(ceshi) %PARAM-6-CONFIG_SYNC: The running configuration has been successfully synchronized to the standby supervisor.
Enter configuration commands, one per line.  End with CNTL/Z.
FJFZ-MB-CMNET-SR04-PTCCXH-N8010R(ceshi)(config)#
2024-11-30_15:34:54 001636: *Nov 30 15:34:54.050: FJFZ-MB-CMNET-SR04-PTCCXH-N8010R(ceshi) %CLI-5-EXEC_CMD: Executed from console command: configure
en
2024-11-30_15:34:54 
FJFZ-MB-CMNET-SR04-PTCCXH-N8010R(ceshi)#
2024-11-30_15:34:54 001638: *Nov 30 15:34:54.160: FJFZ-MB-CMNET-SR04-PTCCXH-N8010R(ceshi) %CLI-5-EXEC_CMD: Configured from console command: end
001639: *Nov 30 15:34:54.208: FJFZ-MB-CMNET-SR04-PTCCXH-N8010R(ceshi) %PARAM-6-CONFIG_SYNC: (*1/M2) Sync'ing the running configuration from the active supervisor.
001640: *Nov 30 15:34:54.209: FJFZ-MB-CMNET-SR04-PTCCXH-N8010R(ceshi) %SYS-5-CONFIG_I: Configured from console by console
c
2024-11-30_15:34:54 onfig001641: *Nov 30 15:34:54.210: FJFZ-MB-CMNET-SR04-PTCCXH-N8010R(ceshi) %PARAM-6-CONFIG_SYNC: Sync'ing the running configuration to the standby supervisor.
001642: *Nov 30 15:34:54.210: FJFZ-MB-CMNET-SR04-PTCCXH-N8010R(ceshi) %PARAM-6-CONFIG_SYNC: The running configuration has been successfully synchronized to the standby supervisor.
Enter configuration commands, one per line.  End with CNTL/Z.
FJFZ-MB-CMNET-SR04-PTCCXH-N8010R(ceshi)(config)#
2024-11-30_15:35:04 第2轮拷机结束，结果:【Pass】
2024-11-30_15:35:04 001644: *Nov 30 15:34:54.259: FJFZ-MB-CMNET-SR04-PTCCXH-N8010R(ceshi) %CLI-5-EXEC_CMD: Executed from console command: configure
en
2024-11-30_15:35:05 
FJFZ-MB-CMNET-SR04-PTCCXH-N8010R(ceshi)#
2024-11-30_15:35:05 001646: *Nov 30 15:35:05.140: FJFZ-MB-CMNET-SR04-PTCCXH-N8010R(ceshi) %CLI-5-EXEC_CMD: Configured from console command: end
001647: *Nov 30 15:35:05.188: FJFZ-MB-CMNET-SR04-PTCCXH-N8010R(ceshi) %PARAM-6-CONFIG_SYNC: (*1/M2) Sync'ing the running configuration from the active supervisor.
conf
2024-11-30_15:35:05 ig001648: *Nov 30 15:35:05.190: FJFZ-MB-CMNET-SR04-PTCCXH-N8010R(ceshi) %SYS-5-CONFIG_I: Configured from console by console
001649: *Nov 30 15:35:05.190: FJFZ-MB-CMNET-SR04-PTCCXH-N8010R(ceshi) %PARAM-6-CONFIG_SYNC: Sync'ing the running configuration to the standby supervisor.
001650: *Nov 30 15:35:05.191: FJFZ-MB-CMNET-SR04-PTCCXH-N8010R(ceshi) %PARAM-6-CONFIG_SYNC: The running configuration has been successfully synchronized to the standby supervisor.
Enter configuration commands, one per line.  End with CNTL/Z.
001652: *Nov 30 15:35:05.240: FJFZ-MB-CMNET-SR04-PTCCXH-N8010R(ceshi) %CLI-5-EXEC_CMD: Executed from console command: configure
FJFZ-MB-CMNET-SR04-PTCCXH-N8010R(ceshi)(config)#
2024-11-30_15:35:05 en
2024-11-30_15:35:05 
FJFZ-MB-CMNET-SR04-PTCCXH-N8010R(ceshi)#
2024-11-30_15:35:05 001654: *Nov 30 15:35:05.371: FJFZ-MB-CMNET-SR04-PTCCXH-N8010R(ceshi) %CLI-5-EXEC_CMD: Configured from console command: end
config001655: *Nov 30 15:35:05.420: FJFZ-MB-CMNET-SR04-PTCCXH-N8010R(ceshi) %SYS-5-CONFIG_I: Configured from console b
2024-11-30_15:35:05 y console
001656: *Nov 30 15:35:05.421: FJFZ-MB-CMNET-SR04-PTCCXH-N8010R(ceshi) %PARAM-6-CONFIG_SYNC: Sync'ing the running configuration to the standby supervisor.
001657: *Nov 30 15:35:05.421: FJFZ-MB-CMNET-SR04-PTCCXH-N8010R(ceshi) %PARAM-6-CONFIG_SYNC: The running configuration has been successfully synchronized to the standby supervisor.
001658: *Nov 30 15:35:05.422: FJFZ-MB-CMNET-SR04-PTCCXH-N8010R(ceshi) %PARAM-6-CONFIG_SYNC: (*1/M2) Sync'ing the running configuration from the active supervisor.
Enter configuration commands, one per line.  End with CNTL/Z.
FJFZ-MB-CMNET-SR04-PTCCXH-N8010R(ceshi)(config)#
2024-11-30_15:35:05 001660: *Nov 30 15:35:05.470: FJFZ-MB-CMNET-SR04-PTCCXH-N8010R(ceshi) %CLI-5-EXEC_CMD: Executed from console command: configure
en
2024-11-30_15:35:05 
FJFZ-MB-CMNET-SR04-PTCCXH-N8010R(ceshi)#
2024-11-30_15:35:05 001662: *Nov 30 15:35:05.590: FJFZ-MB-CMNET-SR04-PTCCXH-N8010R(ceshi) %CLI-5-EXEC_CMD: Configured from console command: end
config001663: *Nov 30 15:35:05.635: FJFZ-MB-CMNET-SR04-PTCCXH-N8010R(ceshi) %PARAM-6-CONFIG_SYNC: (*1/M2) Sync'ing the running configuration from the active supervisor.
001664: *Nov 30 15:35:05.639: FJFZ-MB-CMNET-SR04-PTC
2024-11-30_15:35:05 CXH-N8010R(ceshi) %SYS-5-CONFIG_I: Configured from console by console
001665: *Nov 30 15:35:05.640: FJFZ-MB-CMNET-SR04-PTCCXH-N8010R(ceshi) %PARAM-6-CONFIG_SYNC: Sync'ing the running configuration to the standby supervisor.
001666: *Nov 30 15:35:05.640: FJFZ-MB-CMNET-SR04-PTCCXH-N8010R(ceshi) %PARAM-6-CONFIG_SYNC: The running configuration has been successfully synchronized to the standby supervisor.
Enter configuration commands, one per line.  End with CNTL/Z.
FJFZ-MB-CMNET-SR04-PTCCXH-N8010R(ceshi)(config)#
2024-11-30_15:35:15 第3轮拷机结束，结果:【Pass】
2024-11-30_15:35:15 拷机已达最大次数，自动停止。
本次拷机执行轮次:3, PASS次数:3, PASS率:100.00%
结果已更新至D:\PycharmProjects\OCR\dist\report.xls
2024-11-30_15:35:18 设备登出
2024-11-30_15:35:18 拷机停止...
