2024-11-30_15:08:43 开始连接设备...
2024-11-30_15:08:46 show fan detail001262: *Nov 30 15:08:45.929: FJFZ-MB-CMNET-SR04-PTCCXH-N8010R(ceshi) %CLI-5-EXEC_CMD: Executed from console command: show fan detail
Chassis-type: RG-N8010-R-AC
Fan-id: 1    
    Fan-type:       RG-M8010R-FAN-F
    Serial Number:  G1P4W51P00025                   
    Status:         ok
    Mode:           normal
    sub-fan-id  status  speed(rpm)  speed-level  speed-percent
    ----------  ------  ----------  -----------  -------------  
    1           ok      6000        118          46%
    2           ok      6000        118          46%
    3           ok      6000        118          46%
    4           ok      6000        118          46%
Fan-id: 2    
    Fan-type:       RG-M8010R-FAN-F
    Serial Number:  G1P4W51P00025                   
    Status:         ok
    Mode:           normal
    sub-fan-id  status  speed(rpm)  speed-level  speed-percent
    ----------  ------  ----------  -----------  -------------  
    1           ok      6000        118          46%
    2           ok      6150        118          46%
    3           ok      6000        118          46%
    4           ok      6000        118          46%
Fan-id: 3    
    Fan-type:       RG-M8010R-FAN-F
    Serial Number:  G1P4W51P00025                   
    Status:         ok
    Mode:           normal
    sub-fan-id  status  speed(rpm)  speed-level  speed-percent
    ----------  ------  ----------  -----------  -------------  
    1           ok      6000        118          46%
    2           ok      6000        118          46%
    3           ok      6150        118          46%
    4           ok      6000        118          46%
Fan-id: 4    
    Fan-type:       RG-M8010R-FAN-F
    Serial Number:  G1P4W51P00025                   
    Status:         ok
    Mode:           normal
    sub-fan-id  status  speed(rpm)  speed-level  speed-percent
    ----------  ------  ----------  -----------  -------------  
    1           ok      6150        118          46%
    2           ok      6000        118          46%
    3           ok      6000        118          46%
    4           ok      6000        118          46%
FJFZ-MB-CMNET-SR04-PTCCXH-N8010R(ceshi)#
2024-11-30_15:08:48 show fan detail001268: *Nov 30 15:08:47.668: FJFZ-MB-CMNET-SR04-PTCCXH-N8010R(ceshi) %CLI-5-EXEC_CMD: Executed from console command: show fan detail
Chassis-type: RG-N8010-R-AC
Fan-id: 1    
    Fan-type:       RG-M8010R-FAN-F
    Serial Number:  G1P4W51P00025                   
    Status:         ok
    Mode:           normal
    sub-fan-id  status  speed(rpm)  speed-level  speed-percent
    ----------  ------  ----------  -----------  -------------  
    1           ok      6000        118          46%
    2           ok      6000        118          46%
    3           ok      6000        118          46%
    4           ok      6000        118          46%
Fan-id: 2    
    Fan-type:       RG-M8010R-FAN-F
    Serial Number:  G1P4W51P00025                   
    Status:         ok
    Mode:           normal
    sub-fan-id  status  speed(rpm)  speed-level  speed-percent
    ----------  ------  ----------  -----------  -------------  
    1           ok      6000        118          46%
    2           ok      6000        118          46%
    3           ok      6000        118          46%
    4           ok      6000        118          46%
Fan-id: 3    
    Fan-type:       RG-M8010R-FAN-F
    Serial Number:  G1P4W51P00025                   
    Status:         ok
    Mode:           normal
    sub-fan-id  status  speed(rpm)  speed-level  speed-percent
    ----------  ------  ----------  -----------  -------------  
    1           ok      6150        118          46%
    2           ok      6000        118          46%
    3           ok      6150        118          46%
    4           ok      6000        118          46%
Fan-id: 4    
    Fan-type:       RG-M8010R-FAN-F
    Serial Number:  G1P4W51P00025                   
    Status:         ok
    Mode:           normal
    sub-fan-id  status  speed(rpm)  speed-level  speed-percent
    ----------  ------  ----------  -----------  -------------  
    1           ok      6000        118          46%
    2           ok      6000        118          46%
    3           ok      6000        118          46%
    4           ok      6000        118          46%
FJFZ-MB-CMNET-SR04-PTCCXH-N8010R(ceshi)#
2024-11-30_15:08:48 第1轮拷机结束，结果:【Pass】
2024-11-30_15:08:49 001270: *Nov 30 15:08:49.139: FJFZ-MB-CMNET-SR04-PTCCXH-N8010R(ceshi) %CLI-5-EXEC_CMD: Executed from console command: terminal length 0
show fan detail
2024-11-30_15:08:49 001272: *Nov 30 15:08:49.229: FJFZ-MB-CMNET-SR04-PTCCXH-N8010R(ceshi) %CLI-5-EXEC_CMD: Executed from console command: show fan detail
Chassis-type: RG-N8010-R-AC
Fan-id: 1    
    Fan-type:       RG-M8010R-FAN-F
    Serial Number:  G1P4W51P00025                   
    Status:         ok
    Mode:           normal
    sub-fan-id  status  speed(rpm)  speed-level  speed-percent
    ----------  ------  ----------  -----------  -------------  
    1           ok      6000        118          46%
    2           ok      6000        118          46%
    3           ok      6000        118          46%
    4           ok      6000        118          46%
Fan-id: 2    
    Fan-type:       RG-M8010R-FAN-F
    Serial Number:  G1P4W51P00025                   
    Status:         ok
    Mode:           normal
    sub-fan-id  status  speed(rpm)  speed-level  speed-percent
    ----------  ------  ----------  -----------  -------------  
    1           ok      6000        118          46%
    2           ok      6000        118          46%
    3           ok      6150        118          46%
    4           ok      6000        118          46%
Fan-id: 3    
    Fan-type:       RG-M8010R-FAN-F
    Serial Number:  G1P4W51P00025                   
    Status:         ok
    Mode:           normal
    sub-fan-id  status  speed(rpm)  speed-level  speed-percent
    ----------  ------  ----------  -----------  -------------  
    1           ok      6000        118          46%
    2           ok      6000        118          46%
    3           ok      6000        118          46%
    4           ok      6000        118          46%
Fan-id: 4    
    Fan-type:       RG-M8010R-FAN-F
    Serial Number:  G1P4W51P00025                   
    Status:         ok
    Mode:           normal
    sub-fan-id  status  speed(rpm)  speed-level  speed-percent
    ----------  ------  ----------  -----------  -------------  
    1           ok      6150        118          46%
    2           ok      6000        118          46%
    3           ok      6000        118          46%
    4           ok      6000        118          46%
FJFZ-MB-CMNET-SR04-PTCCXH-N8010R(ceshi)#
2024-11-30_15:08:49 第2轮拷机结束，结果:【Pass】
2024-11-30_15:08:50 001274: *Nov 30 15:08:50.669: FJFZ-MB-CMNET-SR04-PTCCXH-N8010R(ceshi) %CLI-5-EXEC_CMD: Executed from console command: terminal length 0
show fan detail
2024-11-30_15:08:51 001276: *Nov 30 15:08:50.769: FJFZ-MB-CMNET-SR04-PTCCXH-N8010R(ceshi) %CLI-5-EXEC_CMD: Executed from console command: show fan detail
Chassis-type: RG-N8010-R-AC
Fan-id: 1    
    Fan-type:       RG-M8010R-FAN-F
    Serial Number:  G1P4W51P00025                   
    Status:         ok
    Mode:           normal
    sub-fan-id  status  speed(rpm)  speed-level  speed-percent
    ----------  ------  ----------  -----------  -------------  
    1           ok      6000        118          46%
    2           ok      6000        118          46%
    3           ok      6000        118          46%
    4           ok      6000        118          46%
Fan-id: 2    
    Fan-type:       RG-M8010R-FAN-F
    Serial Number:  G1P4W51P00025                   
    Status:         ok
    Mode:           normal
    sub-fan-id  status  speed(rpm)  speed-level  speed-percent
    ----------  ------  ----------  -----------  -------------  
    1           ok      6000        118          46%
    2           ok      6150        118          46%
    3           ok      6000        118          46%
    4           ok      5850        118          46%
Fan-id: 3    
    Fan-type:       RG-M8010R-FAN-F
    Serial Number:  G1P4W51P00025                   
    Status:         ok
    Mode:           normal
    sub-fan-id  status  speed(rpm)  speed-level  speed-percent
    ----------  ------  ----------  -----------  -------------  
    1           ok      6150        118          46%
    2           ok      6000        118          46%
    3           ok      6000        118          46%
    4           ok      6000        118          46%
Fan-id: 4    
    Fan-type:       RG-M8010R-FAN-F
    Serial Number:  G1P4W51P00025                   
    Status:         ok
    Mode:           normal
    sub-fan-id  status  speed(rpm)  speed-level  speed-percent
    ----------  ------  ----------  -----------  -------------  
    1           ok      6000        118          46%
    2           ok      6000        118          46%
    3           ok      6000        118          46%
    4           ok      6000        118          46%
FJFZ-MB-CMNET-SR04-PTCCXH-N8010R(ceshi)#
2024-11-30_15:08:51 第3轮拷机结束，结果:【Pass】
2024-11-30_15:08:51 拷机已达最大次数，自动停止。
本次拷机执行轮次:3, PASS次数:3, PASS率:100.00%
结果已更新至D:\PycharmProjects\OCR\report.xls
2024-11-30_15:08:53 设备登出
2024-11-30_15:08:53 拷机停止...
