2024-02-28_15:20:53 开始连接设备...
2024-02-28_15:20:55 show int u
Interface                                Bandwidth   Average Usage    Input Usage      Output Usage     
---------------------------------------- ----------- ---------------- ---------------- ---------------- 
TenGigabitEthernet 0/1                   10000  Mbit 0.00%            0.00%            0.00%           
TenGigabitEthernet 0/2                   10000  Mbit 0.00%            0.00%            0.00%           
TenGigabitEthernet 0/3                   10000  Mbit 0.00%            0.00%            0.00%           
TenGigabitEthernet 0/4                   10000  Mbit 0.00%            0.00%            0.00%           
TFGigabitEthernet 0/5                    25000  Mbit 82.16%           82.16%           82.16%          
TFGigabitEthernet 0/6                    25000  Mbit 82.17%           82.17%           82.17%          
TFGigabitEthernet 0/7                    25000  Mbit 82.16%           82.16%           82.17%          
TFGigabitEthernet 0/8                    25000  Mbit 82.17%           82.17%           82.17%          
TFGigabitEthernet 0/9                    25000  Mbit 82.17%           82.17%           82.17%          
TFGigabitEthernet 0/10                   25000  Mbit 82.16%           82.16%           82.17%          
TFGigabitEthernet 0/11                   25000  Mbit 82.17%           82.17%           82.17%          
TFGigabitEthernet 0/12                   25000  Mbit 82.17%           82.17%           82.17%          
HundredGigabitEthernet 0/13              100000 Mbit 89.60%           89.60%           89.60%          
HundredGigabitEthernet 0/14              100000 Mbit 89.59%           89.59%           89.59%          
AggregatePort 1                          200000 Mbit 89.59%           89.59%           89.59%          
AggregatePort 2                          1000   Mbit 0.00%            0.00%            0.00%           
AggregatePort 128                        1000   Mbit 0.00%            0.00%            0.00%           
1.157#
2024-02-28_15:21:11 设备登出
2024-02-28_15:21:11 拷机停止...
