2024-02-28_15:22:01 开始连接设备...
2024-02-28_15:22:03 show fan detail
2024-02-28_15:22:03 Chassis-type: N8000-2CQ8VS4XS
Fan-id: 1    
    Status:         ok
    Mode:           normal
    Fan-type:       N8000-FAN
    Serial Number:  N/A            
    sub-fan-id  status  speed(rpm)  speed-level
    ----------  ------  ----------  ----------
    1           ok      9609        76
Fan-id: 2    
    Status:         ok
    Mode:           normal
    Fan-type:       N8000-FAN
    Serial Number:  N/A            
    sub-fan-id  status  speed(rpm)  speed-level
    ----------  ------  ----------  ----------
    1           ok      9621        76
Fan-id: 3    
    Status:         ok
    Mode:           normal
    Fan-type:       N8000-FAN
    Serial Number:  N/A            
    sub-fan-id  status  speed(rpm)  speed-level
    ----------  ------  ----------  ----------
    1           ok      9791        76
1.157#
2024-02-28_15:22:05 show fan detail
2024-02-28_15:22:05 Chassis-type: N8000-2CQ8VS4XS
Fan-id: 1    
    Status:         ok
    Mode:           normal
    Fan-type:       N8000-FAN
    Serial Number:  N/A            
    sub-fan-id  status  speed(rpm)  speed-level
    ----------  ------  ----------  ----------
    1           ok      9609        76
Fan-id: 2    
    Status:         ok
    Mode:           normal
    Fan-type:       N8000-FAN
    Serial Number:  N/A            
    sub-fan-id  status  speed(rpm)  speed-level
    ----------  ------  ----------  ----------
    1           ok      9621        76
Fan-id: 3    
    Status:         ok
    Mode:           normal
    Fan-type:       N8000-FAN
    Serial Number:  N/A            
    sub-fan-id  status  speed(rpm)  speed-level
    ----------  ------  ----------  ----------
    1           ok      9791        76
1.157#
2024-02-28_15:22:05 第1轮拷机结束，结果:【Pass】
2024-02-28_15:22:05 拷机已达最大次数，自动停止。
本次拷机执行轮次:1, PASS次数:1, PASS率:100.00%
结果已更新至D:\PycharmProjects\OCR\report.xls
2024-02-28_15:22:07 设备登出
2024-02-28_15:22:07 拷机停止...
