2024-11-30_15:24:24 开始连接设备...
2024-11-30_15:24:25 en
001368: *Nov 30 15:24:25.234: FJFZ-MB-CMNET-SR04-PTCCXH-N8010R(ceshi) %CLI-5-EXEC_CMD: Executed from console command: enable
FJFZ-MB-CMNET-SR04-PTCCXH-N8010R(ceshi)#
2024-11-30_15:24:26 config001370: *Nov 30 15:24:26.098: FJFZ-MB-CMNET-SR04-PTCCXH-N8010R(ceshi) %CLI-5-EXEC_CMD: Executed from console command: configure
Enter configuration commands, one per line.  End with CNTL/Z.
FJFZ-MB-CMNET-SR04-PTCCXH-N8010R(ceshi)(config)#
2024-11-30_15:24:26 en
2024-11-30_15:24:26 
FJFZ-MB-CMNET-SR04-PTCCXH-N8010R(ceshi)#
2024-11-30_15:24:26 001372: *Nov 30 15:24:26.232: FJFZ-MB-CMNET-SR04-PTCCXH-N8010R(ceshi) %CLI-5-EXEC_CMD: Configured from console command: end
config001373: *Nov 30 15:24:26.273: FJFZ-MB-CMNET-SR04-PTCCXH-N8010R(ceshi) %PARAM-6-CONFIG_SYNC: (*1/M2) Sync'ing the running configuration from the active supervisor.
001374: *Nov
2024-11-30_15:24:26  30 15:24:26.282: FJFZ-MB-CMNET-SR04-PTCCXH-N8010R(ceshi) %SYS-5-CONFIG_I: Configured from console by console
001375: *Nov 30 15:24:26.282: FJFZ-MB-CMNET-SR04-PTCCXH-N8010R(ceshi) %PARAM-6-CONFIG_SYNC: Sync'ing the running configuration to the standby supervisor.
001376: *Nov 30 15:24:26.282: FJFZ-MB-CMNET-SR04-PTCCXH-N8010R(ceshi) %PARAM-6-CONFIG_SYNC: The running configuration has been successfully synchronized to the standby supervisor.
Enter configuration commands, one per line.  End with CNTL/Z.
FJFZ-MB-CMNET-SR04-PTCCXH-N8010R(ceshi)(config)#
2024-11-30_15:24:26 001378: *Nov 30 15:24:26.332: FJFZ-MB-CMNET-SR04-PTCCXH-N8010R(ceshi) %CLI-5-EXEC_CMD: Executed from console command: configure
2024-11-30_15:24:26 en
FJFZ-MB-CMNET-SR04-PTCCXH-N8010R(ceshi)#
2024-11-30_15:24:26 001380: *Nov 30 15:24:26.603: FJFZ-MB-CMNET-SR04-PTCCXH-N8010R(ceshi) %CLI-5-EXEC_CMD: Configured from console command: end
config001381: *Nov 30 15:24:26.647: FJFZ-MB-CMNET-SR04-PTCCXH-N8010R(ceshi) %PARAM-6-CONFIG_SYNC: (*1/M2) Sync
2024-11-30_15:24:26 'ing the running configuration from the active supervisor.
001382: *Nov 30 15:24:26.653: FJFZ-MB-CMNET-SR04-PTCCXH-N8010R(ceshi) %SYS-5-CONFIG_I: Configured from console by console
001383: *Nov 30 15:24:26.653: FJFZ-MB-CMNET-SR04-PTCCXH-N8010R(ceshi) %PARAM-6-CONFIG_SYNC: Sync'ing the running configuration to the standby supervisor.
001384: *Nov 30 15:24:26.653: FJFZ-MB-CMNET-SR04-PTCCXH-N8010R(ceshi) %PARAM-6-CONFIG_SYNC: The running configuration has been successfully synchronized to the standby supervisor.
Enter configuration commands, one per line.  End with CNTL/Z.
FJFZ-MB-CMNET-SR04-PTCCXH-N8010R(ceshi)(config)#
2024-11-30_15:24:27 第1轮拷机结束，结果:【Pass】
2024-11-30_15:24:27 001386: *Nov 30 15:24:26.703: FJFZ-MB-CMNET-SR04-PTCCXH-N8010R(ceshi) %CLI-5-EXEC_CMD: Executed from console command: configure
en
2024-11-30_15:24:28 
001388: *Nov 30 15:24:27.997: FJFZ-MB-CMNET-SR04-PTCCXH-N8010R(ceshi) %CLI-5-EXEC_CMD: Configured from console command: end
FJFZ-MB-CMNET-SR04-PTCCXH-N8010R(ceshi)#
2024-11-30_15:24:28 001389: *Nov 30 15:24:28.039: FJFZ-MB-CMNET-SR04-PTCCXH-N8010R(ceshi) %PARAM-6-CONFIG_SYNC: (*1/M2) Sync'ing the running configuration from the active supervisor.
001390: *Nov 30 15:24:28.047: FJFZ-MB-CMNET-SR04-PTCCXH-N8010R(ceshi) %SYS-5-CONFIG_I: Configured from conso
2024-11-30_15:24:28 le by console
config001391: *Nov 30 15:24:28.047: FJFZ-MB-CMNET-SR04-PTCCXH-N8010R(ceshi) %PARAM-6-CONFIG_SYNC: Sync'ing the running configuration to the standby supervisor.
001392: *Nov 30 15:24:28.048: FJFZ-MB-CMNET-SR04-PTCCXH-N8010R(ceshi) %PARAM-6-CONFIG_SYNC: The running configuration has been successfully synchronized to the standby supervisor.
Enter configuration commands, one per line.  End with CNTL/Z.
001394: *Nov 30 15:24:28.097: FJFZ-MB-CMNET-SR04-PTCCXH-N8010R(ceshi) %CLI-5-EXEC_CMD: Executed from console command: configure
FJFZ-MB-CMNET-SR04-PTCCXH-N8010R(ceshi)(config)#
2024-11-30_15:24:28 en
2024-11-30_15:24:28 
001396: *Nov 30 15:24:28.225: FJFZ-MB-CMNET-SR04-PTCCXH-N8010R(ceshi) %CLI-5-EXEC_CMD: Configured from console command: end
FJFZ-MB-CMNET-SR04-PTCCXH-N8010R(ceshi)#
2024-11-30_15:24:28 001397: 
2024-11-30_15:24:28 *Nov 30 15:24:28.273: FJFZ-MB-CMNET-SR04-PTCCXH-N8010R(ceshi) %PARAM-6-CONFIG_SYNC: (*1/M2) Sync'ing the running configuration from the active supervisor.
001398: *Nov 30 15:24:28.275: FJFZ-MB-CMNET-SR04-PTCCXH-N8010R(ceshi) %SYS-5-CONFIG_I: Configured from console by console
001399: *Nov 30 15:24:28.275: FJFZ-MB-CMNET-SR04-PTCCXH-N8010R(ceshi) %PARAM-6-CONFIG_SYNC: Sync'ing the running configuration to the standby supervisor.
config001400: *Nov 30 15:24:28.275: FJFZ-MB-CMNET-SR04-PTCCXH-N8010R(ceshi) %PARAM-6-CONFIG_SYNC: The running configuration has been successfully synchronized to the standby supervisor.
001402: *Nov 30 15:24:28.325: FJFZ-MB-CMNET-SR04-PTCCXH-N8010R(ceshi) %CLI-5-EXEC_CMD: Executed from console command: configure
Enter configuration commands, one per line.  End with CNTL/Z.
FJFZ-MB-CMNET-SR04-PTCCXH-N8010R(ceshi)(config)#
2024-11-30_15:24:28 en
2024-11-30_15:24:28 
FJFZ-MB-CMNET-SR04-PTCCXH-N8010R(ceshi)#
2024-11-30_15:24:28 001404: *Nov 30 15:24:28.475: FJFZ-MB-CMNET-SR04-PTCCXH-N8010R(ceshi) %CLI-5-EXEC_CMD: Configured from console command: end
001405: *Nov 30 15:24:28.475: FJFZ
2024-11-30_15:24:28 -MB-CMNET-SR04-PTCCXH-N8010R(ceshi) %SYS-5-CONFIG_I: Configured from console by console
config001406: *Nov 30 15:24:28.496: FJFZ-MB-CMNET-SR04-PTCCXH-N8010R(ceshi) %PARAM-6-CONFIG_SYNC: (*1/M2) Sync'ing the running configuration from the active supervisor.
001407: *Nov 30 15:24:28.525: FJFZ-MB-CMNET-SR04-PTCCXH-N8010R(ceshi) %PARAM-6-CONFIG_SYNC: Sync'ing the running configuration to the standby supervisor.
Enter configuration commands, one per line.  End with CNTL/Z.
001408: *Nov 30 15:24:28.526: FJFZ-MB-CMNET-SR04-PTCCXH-N8010R(ceshi) %PARAM-6-CONFIG_SYNC: The running configuration has been successfully synchronized to the standby supervisor.
FJFZ-MB-CMNET-SR04-PTCCXH-N8010R(ceshi)(config)#
2024-11-30_15:24:29 第2轮拷机结束，结果:【Pass】
2024-11-30_15:24:29 001410: *Nov 30 15:24:28.575: FJFZ-MB-CMNET-SR04-PTCCXH-N8010R(ceshi) %CLI-5-EXEC_CMD: Executed from console command: configure
en
2024-11-30_15:24:30 001412: *Nov 30 15:24:29.898: FJFZ-MB-CMNET-SR04-PTCCXH-N8010R(ceshi) %CLI-5-EXEC_CMD: Configured from console command: end
FJFZ-MB-CMNET-SR04-PTCCXH-N8010R(ceshi)#
2024-11-30_15:24:30 001413: *Nov 30 15:24:29.938: FJFZ-MB-CMNET-SR04-PTCCXH-N8010R(ceshi) %PARAM-6-CONFIG_SYNC: (*1/M2) Sync'ing the running configuration from the active supervisor.
001414: *Nov 30 15:24:29.948: FJFZ-MB-CMNET-SR04-PTCCXH-N8010R(ceshi) %SYS-5-CONFIG_I: Configured fr
2024-11-30_15:24:30 om console by console
config001415: *Nov 30 15:24:29.948: FJFZ-MB-CMNET-SR04-PTCCXH-N8010R(ceshi) %PARAM-6-CONFIG_SYNC: Sync'ing the running configuration to the standby supervisor.
001416: *Nov 30 15:24:29.948: FJFZ-MB-CMNET-SR04-PTCCXH-N8010R(ceshi) %PARAM-6-CONFIG_SYNC: The running configuration has been successfully synchronized to the standby supervisor.
001418: *Nov 30 15:24:29.998: FJFZ-MB-CMNET-SR04-PTCCXH-N8010R(ceshi) %CLI-5-EXEC_CMD: Executed from console command: configure
Enter configuration commands, one per line.  End with CNTL/Z.
FJFZ-MB-CMNET-SR04-PTCCXH-N8010R(ceshi)(config)#
2024-11-30_15:24:30 en
2024-11-30_15:24:30 
001420: *Nov 30 15:24:30.123: FJFZ-MB-CMNET-SR04-PTCCXH-N8010R(ceshi) %CLI-5-EXEC_CMD: Configured from console command: end
FJFZ-MB-CMNET-SR04-PTCCXH-N8010R(ceshi)#
2024-11-30_15:24:30 001421: *Nov 30 15:24:30.172: FJFZ-MB-CMNET-SR04-PTCCXH-N8010R(ceshi) %PARAM-6-CONFIG_SYNC: (*1/M2) Sync'ing the running configuration from the active supervisor.
001422: *Nov 30 15:24:30.173: FJFZ-MB-CMNET-SR04-PTCCXH-N8010R(ceshi) %SYS-5-CONFIG_I: Configured from console by console
001423: *Nov 30 15:24:30.173: FJFZ-MB-CMNET-SR04-PTCCXH-N8010R(ceshi) %PARAM-6-CONFIG_SYNC: Sync'ing the running 
2024-11-30_15:24:30 configuration to the standby supervisor.
001424: *Nov 30 15:24:30.174: FJFZ-MB-CMNET-SR04-PTCCXH-N8010R(ceshi) %PARAM-6-CONFIG_SYNC: The running configuration has been successfully synchronized to the standby supervisor.
config001426: *Nov 30 15:24:30.233: FJFZ-MB-CMNET-SR04-PTCCXH-N8010R(ceshi) %CLI-5-EXEC_CMD: Executed from console command: configure
Enter configuration commands, one per line.  End with CNTL/Z.
FJFZ-MB-CMNET-SR04-PTCCXH-N8010R(ceshi)(config)#
2024-11-30_15:24:30 en
2024-11-30_15:24:30 
001428: *Nov 30 15:24:30.353: FJFZ-MB-CMNET-SR04-PTCCXH-N8010R(ceshi) %CLI-5-EXEC_CMD: Configured from console command: end
FJFZ-MB-CMNET-SR04-PTCCXH-N8010R(ceshi)#
2024-11-30_15:24:30 001429: *Nov 30 15:24:30.395: FJFZ-MB-CMNET-SR04-PTCCXH-N8010R(ceshi) %PARAM-6-CONFIG_SYNC: (*1/M2) Sync'ing the running configuration from the active supervisor.
001430: *Nov 30 15:24:30.402: FJFZ-MB-CMNET-SR04-PTCCXH-N8010R(ceshi) %SYS-5-CONFIG_I: Configured from console by console
001431: *Nov 30 15:24:30.402: FJF
2024-11-30_15:24:30 Z-MB-CMNET-SR04-PTCCXH-N8010R(ceshi) %PARAM-6-CONFIG_SYNC: Sync'ing the running configuration to the standby supervisor.
c001432: *Nov 30 15:24:30.403: FJFZ-MB-CMNET-SR04-PTCCXH-N8010R(ceshi) %PARAM-6-CONFIG_SYNC: The running configuration has been successfully synchronized to the standby supervisor.
onfig
Enter configuration commands, one per line.  End with CNTL/Z.
FJFZ-MB-CMNET-SR04-PTCCXH-N8010R(ceshi)(config)#
2024-11-30_15:24:31 第3轮拷机结束，结果:【Pass】
2024-11-30_15:24:31 拷机已达最大次数，自动停止。
本次拷机执行轮次:3, PASS次数:3, PASS率:100.00%
结果已更新至D:\PycharmProjects\OCR\dist\report.xls
2024-11-30_15:24:33 设备登出
2024-11-30_15:24:33 拷机停止...
